Archive member included because of file (symbol)

c:/ti/ccsv6/tools/compiler/gcc-arm-none-eabi-4_9-2015q3/bin/../lib/gcc/arm-none-eabi/4.9.3/armv7e-m/fpu\libgcc.a(_arm_addsubdf3.o)
                              ./HAL/uart.o (__aeabi_dsub)
c:/ti/ccsv6/tools/compiler/gcc-arm-none-eabi-4_9-2015q3/bin/../lib/gcc/arm-none-eabi/4.9.3/armv7e-m/fpu\libgcc.a(_arm_muldivdf3.o)
                              ./HAL/uart.o (__aeabi_dmul)
c:/ti/ccsv6/tools/compiler/gcc-arm-none-eabi-4_9-2015q3/bin/../lib/gcc/arm-none-eabi/4.9.3/armv7e-m/fpu\libgcc.a(_arm_fixunsdfsi.o)
                              ./HAL/uart.o (__aeabi_d2uiz)
c:/ti/ccsv6/tools/compiler/gcc-arm-none-eabi-4_9-2015q3/bin/../lib/gcc/arm-none-eabi/4.9.3/../../../../arm-none-eabi/lib/armv7e-m/fpu\libg.a(lib_a-exit.o)
                              c:/ti/ccsv6/tools/compiler/gcc-arm-none-eabi-4_9-2015q3/bin/../lib/gcc/arm-none-eabi/4.9.3/../../../../arm-none-eabi/lib/armv7e-m/fpu/crt0.o (exit)
c:/ti/ccsv6/tools/compiler/gcc-arm-none-eabi-4_9-2015q3/bin/../lib/gcc/arm-none-eabi/4.9.3/../../../../arm-none-eabi/lib/armv7e-m/fpu\libg.a(lib_a-impure.o)
                              c:/ti/ccsv6/tools/compiler/gcc-arm-none-eabi-4_9-2015q3/bin/../lib/gcc/arm-none-eabi/4.9.3/../../../../arm-none-eabi/lib/armv7e-m/fpu\libg.a(lib_a-exit.o) (_global_impure_ptr)
c:/ti/ccsv6/tools/compiler/gcc-arm-none-eabi-4_9-2015q3/bin/../lib/gcc/arm-none-eabi/4.9.3/../../../../arm-none-eabi/lib/armv7e-m/fpu\libg.a(lib_a-init.o)
                              c:/ti/ccsv6/tools/compiler/gcc-arm-none-eabi-4_9-2015q3/bin/../lib/gcc/arm-none-eabi/4.9.3/../../../../arm-none-eabi/lib/armv7e-m/fpu/crt0.o (__libc_init_array)
c:/ti/ccsv6/tools/compiler/gcc-arm-none-eabi-4_9-2015q3/bin/../lib/gcc/arm-none-eabi/4.9.3/../../../../arm-none-eabi/lib/armv7e-m/fpu\libg.a(lib_a-memset.o)
                              c:/ti/ccsv6/tools/compiler/gcc-arm-none-eabi-4_9-2015q3/bin/../lib/gcc/arm-none-eabi/4.9.3/../../../../arm-none-eabi/lib/armv7e-m/fpu/crt0.o (memset)
c:/ti/ccsv6/tools/compiler/gcc-arm-none-eabi-4_9-2015q3/bin/../lib/gcc/arm-none-eabi/4.9.3/../../../../arm-none-eabi/lib/armv7e-m/fpu\libg.a(lib_a-__call_atexit.o)
                              c:/ti/ccsv6/tools/compiler/gcc-arm-none-eabi-4_9-2015q3/bin/../lib/gcc/arm-none-eabi/4.9.3/../../../../arm-none-eabi/lib/armv7e-m/fpu\libg.a(lib_a-exit.o) (__call_exitprocs)
c:/ti/ccsv6/tools/compiler/gcc-arm-none-eabi-4_9-2015q3/bin/../lib/gcc/arm-none-eabi/4.9.3/../../../../arm-none-eabi/lib/armv7e-m/fpu\libg.a(lib_a-atexit.o)
                              c:/ti/ccsv6/tools/compiler/gcc-arm-none-eabi-4_9-2015q3/bin/../lib/gcc/arm-none-eabi/4.9.3/../../../../arm-none-eabi/lib/armv7e-m/fpu\libg.a(lib_a-__call_atexit.o) (atexit)
c:/ti/ccsv6/tools/compiler/gcc-arm-none-eabi-4_9-2015q3/bin/../lib/gcc/arm-none-eabi/4.9.3/../../../../arm-none-eabi/lib/armv7e-m/fpu\libg.a(lib_a-fini.o)
                              c:/ti/ccsv6/tools/compiler/gcc-arm-none-eabi-4_9-2015q3/bin/../lib/gcc/arm-none-eabi/4.9.3/../../../../arm-none-eabi/lib/armv7e-m/fpu\libg.a(lib_a-__call_atexit.o) (__libc_fini_array)
c:/ti/ccsv6/tools/compiler/gcc-arm-none-eabi-4_9-2015q3/bin/../lib/gcc/arm-none-eabi/4.9.3/../../../../arm-none-eabi/lib/armv7e-m/fpu\libg.a(lib_a-__atexit.o)
                              c:/ti/ccsv6/tools/compiler/gcc-arm-none-eabi-4_9-2015q3/bin/../lib/gcc/arm-none-eabi/4.9.3/../../../../arm-none-eabi/lib/armv7e-m/fpu\libg.a(lib_a-atexit.o) (__register_exitproc)
c:/ti/ccsv6/tools/compiler/gcc-arm-none-eabi-4_9-2015q3/bin/../lib/gcc/arm-none-eabi/4.9.3/../../../../arm-none-eabi/lib/armv7e-m/fpu\libnosys.a(_exit.o)
                              c:/ti/ccsv6/tools/compiler/gcc-arm-none-eabi-4_9-2015q3/bin/../lib/gcc/arm-none-eabi/4.9.3/../../../../arm-none-eabi/lib/armv7e-m/fpu\libg.a(lib_a-exit.o) (_exit)

Memory Configuration

Name             Origin             Length             Attributes
FLASH            0x00000000         0x00040000         xr
SRAM             0x20000000         0x00008000         xw
*default*        0x00000000         0xffffffff

Linker script and memory map

LOAD c:/ti/ccsv6/tools/compiler/gcc-arm-none-eabi-4_9-2015q3/bin/../lib/gcc/arm-none-eabi/4.9.3/armv7e-m/fpu/crti.o
LOAD c:/ti/ccsv6/tools/compiler/gcc-arm-none-eabi-4_9-2015q3/bin/../lib/gcc/arm-none-eabi/4.9.3/armv7e-m/fpu/crtbegin.o
LOAD c:/ti/ccsv6/tools/compiler/gcc-arm-none-eabi-4_9-2015q3/bin/../lib/gcc/arm-none-eabi/4.9.3/../../../../arm-none-eabi/lib/armv7e-m/fpu/crt0.o
LOAD ./main.o
LOAD ./tm4c123gh6pm_startup_ccs_gcc.o
LOAD ./HAL/gpio.o
LOAD ./HAL/system.o
LOAD ./HAL/timer.o
LOAD ./HAL/uart.o
LOAD ./SAL/LIN/cnfg_lin_protocol.o
LOAD ./SAL/LIN/lin_protocol.o
LOAD ./SAL/NVICInterruptHandler.o
LOAD ./gpioapp/gpio_app.o
                0x00000000                PROVIDE (_intvecs_base_address, 0x0)

.intvecs        0x00000000      0x26c
 *(.intvecs)
 .intvecs       0x00000000      0x26c ./tm4c123gh6pm_startup_ccs_gcc.o
                0x00000000                g_pfnVectors
                0x20000000                PROVIDE (_vtable_base_address, 0x20000000)

.vtable
 *(.vtable)

.text           0x0000026c     0x3220
 CREATE_OBJECT_SYMBOLS
 *(.text)
 .text          0x0000026c        0x0 c:/ti/ccsv6/tools/compiler/gcc-arm-none-eabi-4_9-2015q3/bin/../lib/gcc/arm-none-eabi/4.9.3/armv7e-m/fpu/crti.o
 .text          0x0000026c       0x5c c:/ti/ccsv6/tools/compiler/gcc-arm-none-eabi-4_9-2015q3/bin/../lib/gcc/arm-none-eabi/4.9.3/armv7e-m/fpu/crtbegin.o
 .text          0x000002c8       0x74 c:/ti/ccsv6/tools/compiler/gcc-arm-none-eabi-4_9-2015q3/bin/../lib/gcc/arm-none-eabi/4.9.3/../../../../arm-none-eabi/lib/armv7e-m/fpu/crt0.o
                0x000002c8                _start
                0x000002c8                _mainCRTStartup
 .text          0x0000033c        0x0 ./main.o
 .text          0x0000033c        0x0 ./tm4c123gh6pm_startup_ccs_gcc.o
 .text          0x0000033c        0x0 ./HAL/gpio.o
 .text          0x0000033c        0x0 ./HAL/system.o
 .text          0x0000033c        0x0 ./HAL/timer.o
 .text          0x0000033c        0x0 ./HAL/uart.o
 .text          0x0000033c        0x0 ./SAL/LIN/cnfg_lin_protocol.o
 .text          0x0000033c        0x0 ./SAL/LIN/lin_protocol.o
 .text          0x0000033c        0x0 ./SAL/NVICInterruptHandler.o
 .text          0x0000033c        0x0 ./gpioapp/gpio_app.o
 .text          0x0000033c      0x370 c:/ti/ccsv6/tools/compiler/gcc-arm-none-eabi-4_9-2015q3/bin/../lib/gcc/arm-none-eabi/4.9.3/armv7e-m/fpu\libgcc.a(_arm_addsubdf3.o)
                0x0000033c                __aeabi_drsub
                0x00000344                __aeabi_dsub
                0x00000344                __subdf3
                0x00000348                __aeabi_dadd
                0x00000348                __adddf3
                0x000005c0                __floatunsidf
                0x000005c0                __aeabi_ui2d
                0x000005e0                __floatsidf
                0x000005e0                __aeabi_i2d
                0x00000604                __aeabi_f2d
                0x00000604                __extendsfdf2
                0x00000640                __floatundidf
                0x00000640                __aeabi_ul2d
                0x00000650                __floatdidf
                0x00000650                __aeabi_l2d
 .text          0x000006ac      0x424 c:/ti/ccsv6/tools/compiler/gcc-arm-none-eabi-4_9-2015q3/bin/../lib/gcc/arm-none-eabi/4.9.3/armv7e-m/fpu\libgcc.a(_arm_muldivdf3.o)
                0x000006ac                __aeabi_dmul
                0x000006ac                __muldf3
                0x00000900                __divdf3
                0x00000900                __aeabi_ddiv
 .text          0x00000ad0       0x40 c:/ti/ccsv6/tools/compiler/gcc-arm-none-eabi-4_9-2015q3/bin/../lib/gcc/arm-none-eabi/4.9.3/armv7e-m/fpu\libgcc.a(_arm_fixunsdfsi.o)
                0x00000ad0                __aeabi_d2uiz
                0x00000ad0                __fixunsdfsi
 .text          0x00000b10        0x0 c:/ti/ccsv6/tools/compiler/gcc-arm-none-eabi-4_9-2015q3/bin/../lib/gcc/arm-none-eabi/4.9.3/../../../../arm-none-eabi/lib/armv7e-m/fpu\libg.a(lib_a-exit.o)
 .text          0x00000b10        0x0 c:/ti/ccsv6/tools/compiler/gcc-arm-none-eabi-4_9-2015q3/bin/../lib/gcc/arm-none-eabi/4.9.3/../../../../arm-none-eabi/lib/armv7e-m/fpu\libg.a(lib_a-impure.o)
 .text          0x00000b10        0x0 c:/ti/ccsv6/tools/compiler/gcc-arm-none-eabi-4_9-2015q3/bin/../lib/gcc/arm-none-eabi/4.9.3/../../../../arm-none-eabi/lib/armv7e-m/fpu\libg.a(lib_a-init.o)
 .text          0x00000b10        0x0 c:/ti/ccsv6/tools/compiler/gcc-arm-none-eabi-4_9-2015q3/bin/../lib/gcc/arm-none-eabi/4.9.3/../../../../arm-none-eabi/lib/armv7e-m/fpu\libg.a(lib_a-memset.o)
 .text          0x00000b10        0x0 c:/ti/ccsv6/tools/compiler/gcc-arm-none-eabi-4_9-2015q3/bin/../lib/gcc/arm-none-eabi/4.9.3/../../../../arm-none-eabi/lib/armv7e-m/fpu\libg.a(lib_a-__call_atexit.o)
 .text          0x00000b10        0x0 c:/ti/ccsv6/tools/compiler/gcc-arm-none-eabi-4_9-2015q3/bin/../lib/gcc/arm-none-eabi/4.9.3/../../../../arm-none-eabi/lib/armv7e-m/fpu\libg.a(lib_a-atexit.o)
 .text          0x00000b10        0x0 c:/ti/ccsv6/tools/compiler/gcc-arm-none-eabi-4_9-2015q3/bin/../lib/gcc/arm-none-eabi/4.9.3/../../../../arm-none-eabi/lib/armv7e-m/fpu\libg.a(lib_a-fini.o)
 .text          0x00000b10        0x0 c:/ti/ccsv6/tools/compiler/gcc-arm-none-eabi-4_9-2015q3/bin/../lib/gcc/arm-none-eabi/4.9.3/../../../../arm-none-eabi/lib/armv7e-m/fpu\libg.a(lib_a-__atexit.o)
 .text          0x00000b10        0x0 c:/ti/ccsv6/tools/compiler/gcc-arm-none-eabi-4_9-2015q3/bin/../lib/gcc/arm-none-eabi/4.9.3/../../../../arm-none-eabi/lib/armv7e-m/fpu\libnosys.a(_exit.o)
 .text          0x00000b10        0x0 c:/ti/ccsv6/tools/compiler/gcc-arm-none-eabi-4_9-2015q3/bin/../lib/gcc/arm-none-eabi/4.9.3/armv7e-m/fpu/crtend.o
 .text          0x00000b10        0x0 c:/ti/ccsv6/tools/compiler/gcc-arm-none-eabi-4_9-2015q3/bin/../lib/gcc/arm-none-eabi/4.9.3/armv7e-m/fpu/crtn.o
 *(.text.*)
 .text.main     0x00000b10       0xdc ./main.o
                0x00000b10                main
 .text.ResetISR
                0x00000bec       0x68 ./tm4c123gh6pm_startup_ccs_gcc.o
                0x00000bec                ResetISR
 .text.NmiSR    0x00000c54        0x8 ./tm4c123gh6pm_startup_ccs_gcc.o
 .text.FaultISR
                0x00000c5c        0x8 ./tm4c123gh6pm_startup_ccs_gcc.o
 .text.IntDefaultHandler
                0x00000c64        0x8 ./tm4c123gh6pm_startup_ccs_gcc.o
 .text.HW_RD_REG32
                0x00000c6c       0x18 ./HAL/gpio.o
 .text.HW_WR_REG32
                0x00000c84       0x20 ./HAL/gpio.o
 .text.HW_SET_REG32
                0x00000ca4       0x34 ./HAL/gpio.o
 .text.GPIOSetDirection
                0x00000cd8       0x5c ./HAL/gpio.o
                0x00000cd8                GPIOSetDirection
 .text.GPIOSetDirection_field
                0x00000d34       0x24 ./HAL/gpio.o
                0x00000d34                GPIOSetDirection_field
 .text.GPIOPinWrite
                0x00000d58       0x5c ./HAL/gpio.o
                0x00000d58                GPIOPinWrite
 .text.GPIOPinWrite_field
                0x00000db4       0x24 ./HAL/gpio.o
                0x00000db4                GPIOPinWrite_field
 .text.GPIOPinRead
                0x00000dd8       0x4c ./HAL/gpio.o
                0x00000dd8                GPIOPinRead
 .text.GPIOlockInit
                0x00000e24       0x24 ./HAL/gpio.o
                0x00000e24                GPIOlockInit
 .text.GPIOCommit
                0x00000e48       0x58 ./HAL/gpio.o
                0x00000e48                GPIOCommit
 .text.GPIOCommit_field
                0x00000ea0       0x28 ./HAL/gpio.o
                0x00000ea0                GPIOCommit_field
 .text.GPIODigitalEnable
                0x00000ec8       0x60 ./HAL/gpio.o
                0x00000ec8                GPIODigitalEnable
 .text.GPIODigitalEnable_field
                0x00000f28       0x2c ./HAL/gpio.o
                0x00000f28                GPIODigitalEnable_field
 .text.GPIOCurrentVal
                0x00000f54       0xa8 ./HAL/gpio.o
                0x00000f54                GPIOCurrentVal
 .text.GPIOSetResistor
                0x00000ffc       0xac ./HAL/gpio.o
                0x00000ffc                GPIOSetResistor
 .text.GPIOPullUpResistor
                0x000010a8       0x58 ./HAL/gpio.o
                0x000010a8                GPIOPullUpResistor
 .text.GPIOPullUpResistor_field
                0x00001100       0x28 ./HAL/gpio.o
                0x00001100                GPIOPullUpResistor_field
 .text.GPIOPullDownResistor
                0x00001128       0x58 ./HAL/gpio.o
                0x00001128                GPIOPullDownResistor
 .text.GPIOPullDownResistor_field
                0x00001180       0x28 ./HAL/gpio.o
                0x00001180                GPIOPullDownResistor_field
 .text.GPIOOpenDrain
                0x000011a8       0x58 ./HAL/gpio.o
                0x000011a8                GPIOOpenDrain
 .text.GPIOOpenDrain_field
                0x00001200       0x28 ./HAL/gpio.o
                0x00001200                GPIOOpenDrain_field
 .text.GPIOAlternativeFunction
                0x00001228       0x58 ./HAL/gpio.o
                0x00001228                GPIOAlternativeFunction
 .text.GPIOAlternativeFunction_field
                0x00001280       0x28 ./HAL/gpio.o
                0x00001280                GPIOAlternativeFunction_field
 .text.GPIOPortControl
                0x000012a8       0x3c ./HAL/gpio.o
                0x000012a8                GPIOPortControl
 .text.GPIOAnalogModeSelect
                0x000012e4       0x58 ./HAL/gpio.o
                0x000012e4                GPIOAnalogModeSelect
 .text.GPIOAnalogModeSelect_field
                0x0000133c       0x28 ./HAL/gpio.o
                0x0000133c                GPIOAnalogModeSelect_field
 .text.GPIOInterruptSense
                0x00001364       0x60 ./HAL/gpio.o
                0x00001364                GPIOInterruptSense
 .text.GPIOInterruptSense_field
                0x000013c4       0x28 ./HAL/gpio.o
                0x000013c4                GPIOInterruptSense_field
 .text.GPIOInterruptBothEdges
                0x000013ec       0x60 ./HAL/gpio.o
                0x000013ec                GPIOInterruptBothEdges
 .text.GPIOInterruptBothEdges_field
                0x0000144c       0x28 ./HAL/gpio.o
                0x0000144c                GPIOInterruptBothEdges_field
 .text.GPIOInterruptEvent
                0x00001474       0x60 ./HAL/gpio.o
                0x00001474                GPIOInterruptEvent
 .text.GPIOInterruptGetMaskedStatus
                0x000014d4       0x60 ./HAL/gpio.o
                0x000014d4                GPIOInterruptGetMaskedStatus
 .text.GPIOInterruptEvent_field
                0x00001534       0x28 ./HAL/gpio.o
                0x00001534                GPIOInterruptEvent_field
 .text.GPIOInterruptMask
                0x0000155c       0x58 ./HAL/gpio.o
                0x0000155c                GPIOInterruptMask
 .text.GPIORawInterruptStatus
                0x000015b4       0x20 ./HAL/gpio.o
                0x000015b4                GPIORawInterruptStatus
 .text.GPIOMaskedInterruptStatus
                0x000015d4       0x20 ./HAL/gpio.o
                0x000015d4                GPIOMaskedInterruptStatus
 .text.GPIOInterruptClear
                0x000015f4       0x58 ./HAL/gpio.o
                0x000015f4                GPIOInterruptClear
 .text.GPIOConfig
                0x0000164c       0xa4 ./HAL/gpio.o
                0x0000164c                GPIOConfig
 .text.GPIOIntConfig
                0x000016f0       0x74 ./HAL/gpio.o
                0x000016f0                GPIOIntConfig
 .text.HW_RD_REG32
                0x00001764       0x18 ./HAL/system.o
 .text.HW_WR_REG32
                0x0000177c       0x20 ./HAL/system.o
 .text.enableClockGating
                0x0000179c      0x604 ./HAL/system.o
                0x0000179c                enableClockGating
 .text.ISReady  0x00001da0      0x208 ./HAL/system.o
                0x00001da0                ISReady
 .text.NVIC_EnableIRQ
                0x00001fa8      0x104 ./HAL/system.o
                0x00001fa8                NVIC_EnableIRQ
 .text.NVIC_DisableIRQ
                0x000020ac      0x110 ./HAL/system.o
                0x000020ac                NVIC_DisableIRQ
 .text.NVIC_GetPendingIRQ
                0x000021bc       0x94 ./HAL/system.o
                0x000021bc                NVIC_GetPendingIRQ
 .text.NVIC_SetPendingIRQ
                0x00002250      0x104 ./HAL/system.o
                0x00002250                NVIC_SetPendingIRQ
 .text.NVIC_ClearPendingIRQ
                0x00002354      0x110 ./HAL/system.o
                0x00002354                NVIC_ClearPendingIRQ
 .text.NVIC_GetActive
                0x00002464       0x94 ./HAL/system.o
                0x00002464                NVIC_GetActive
 .text.NVIC_SetPriority
                0x000024f8      0x350 ./HAL/system.o
                0x000024f8                NVIC_SetPriority
 .text.HW_RD_REG32
                0x00002848       0x18 ./HAL/uart.o
 .text.HW_WR_REG32
                0x00002860       0x20 ./HAL/uart.o
 .text.UART_parityEnable
                0x00002880       0x30 ./HAL/uart.o
                0x00002880                UART_parityEnable
 .text.UART_stickParityEnable
                0x000028b0       0x30 ./HAL/uart.o
                0x000028b0                UART_stickParityEnable
 .text.UART_stickParityDisable
                0x000028e0       0x30 ./HAL/uart.o
                0x000028e0                UART_stickParityDisable
 .text.UART_parityModeSet
                0x00002910       0x50 ./HAL/uart.o
                0x00002910                UART_parityModeSet
 .text.UART_parityDisable
                0x00002960       0x30 ./HAL/uart.o
                0x00002960                UART_parityDisable
 .text.UARTEnable
                0x00002990       0x30 ./HAL/uart.o
                0x00002990                UARTEnable
 .text.UARTDisable
                0x000029c0       0x30 ./HAL/uart.o
                0x000029c0                UARTDisable
 .text.UART_FIFO_RX_LevelSet
                0x000029f0       0x74 ./HAL/uart.o
                0x000029f0                UART_FIFO_RX_LevelSet
 .text.UART_FIFO_TX_LevelSet
                0x00002a64       0x74 ./HAL/uart.o
                0x00002a64                UART_FIFO_TX_LevelSet
 .text.UART_FIFO_Disable
                0x00002ad8       0x30 ./HAL/uart.o
                0x00002ad8                UART_FIFO_Disable
 .text.UART_FIFO_Enable
                0x00002b08       0x30 ./HAL/uart.o
                0x00002b08                UART_FIFO_Enable
 .text.UART_setBaudRate
                0x00002b38       0x98 ./HAL/uart.o
                0x00002b38                UART_setBaudRate
 .text.UART_SIR_Enable
                0x00002bd0       0x30 ./HAL/uart.o
                0x00002bd0                UART_SIR_Enable
 .text.UART_SIR_Disable
                0x00002c00       0x30 ./HAL/uart.o
                0x00002c00                UART_SIR_Disable
 .text.UART_SIR_Mode_Enable
                0x00002c30       0x30 ./HAL/uart.o
                0x00002c30                UART_SIR_Mode_Enable
 .text.UART_SIR_Mode_Disable
                0x00002c60       0x30 ./HAL/uart.o
                0x00002c60                UART_SIR_Mode_Disable
 .text.UART_charAvailable
                0x00002c90       0x2c ./HAL/uart.o
                0x00002c90                UART_charAvailable
 .text.UART_spaceAvailable
                0x00002cbc       0x2c ./HAL/uart.o
                0x00002cbc                UART_spaceAvailable
 .text.UART_readChar
                0x00002ce8       0x30 ./HAL/uart.o
                0x00002ce8                UART_readChar
 .text.UART_breakControl
                0x00002d18       0x44 ./HAL/uart.o
                0x00002d18                UART_breakControl
 .text.UART_sendChar
                0x00002d5c       0x34 ./HAL/uart.o
                0x00002d5c                UART_sendChar
 .text.UART_printString
                0x00002d90       0x38 ./HAL/uart.o
                0x00002d90                UART_printString
 .text.UART_busy
                0x00002dc8       0x2c ./HAL/uart.o
                0x00002dc8                UART_busy
 .text.UART_rxGetError
                0x00002df4       0x20 ./HAL/uart.o
                0x00002df4                UART_rxGetError
 .text.UART_rxClearError
                0x00002e14       0x1c ./HAL/uart.o
                0x00002e14                UART_rxClearError
 .text.UART_wordLength
                0x00002e30       0x64 ./HAL/uart.o
                0x00002e30                UART_wordLength
 .text.UART_smartCard_Enable
                0x00002e94       0x4c ./HAL/uart.o
                0x00002e94                UART_smartCard_Enable
 .text.UART_clockSourceSet
                0x00002ee0       0x44 ./HAL/uart.o
                0x00002ee0                UART_clockSourceSet
 .text.UART_txEnable
                0x00002f24       0x30 ./HAL/uart.o
                0x00002f24                UART_txEnable
 .text.UART_rxEnable
                0x00002f54       0x30 ./HAL/uart.o
                0x00002f54                UART_rxEnable
 .text.UART_loopBackEnable
                0x00002f84       0x30 ./HAL/uart.o
                0x00002f84                UART_loopBackEnable
 .text.UART_clockConfiguration
                0x00002fb4       0x2c ./HAL/uart.o
                0x00002fb4                UART_clockConfiguration
 .text.UART_inIt
                0x00002fe0       0x40 ./HAL/uart.o
                0x00002fe0                UART_inIt
 .text.UARTRead
                0x00003020        0xc ./HAL/uart.o
                0x00003020                UARTRead
 .text.UARTWrite
                0x0000302c       0x14 ./HAL/uart.o
                0x0000302c                UARTWrite
 .text.installNIVCISRFunction
                0x00003040       0x24 ./SAL/NVICInterruptHandler.o
                0x00003040                installNIVCISRFunction
 .text.deInstallNIVCISRFunction
                0x00003064       0x24 ./SAL/NVICInterruptHandler.o
                0x00003064                deInstallNIVCISRFunction
 .text.IntVirDefaultFun
                0x00003088        0xc ./SAL/NVICInterruptHandler.o
                0x00003088                IntVirDefaultFun
 .text.PortAISRHandler
                0x00003094       0x10 ./SAL/NVICInterruptHandler.o
                0x00003094                PortAISRHandler
 .text.PortBISRHandler
                0x000030a4       0x10 ./SAL/NVICInterruptHandler.o
                0x000030a4                PortBISRHandler
 .text.PortCISRHandler
                0x000030b4       0x10 ./SAL/NVICInterruptHandler.o
                0x000030b4                PortCISRHandler
 .text.PortDISRHandler
                0x000030c4       0x10 ./SAL/NVICInterruptHandler.o
                0x000030c4                PortDISRHandler
 .text.PortEISRHandler
                0x000030d4       0x10 ./SAL/NVICInterruptHandler.o
                0x000030d4                PortEISRHandler
 .text.PortFISRHandler
                0x000030e4       0x10 ./SAL/NVICInterruptHandler.o
                0x000030e4                PortFISRHandler
 .text.GPIO_pinInit
                0x000030f4       0x58 ./gpioapp/gpio_app.o
                0x000030f4                GPIO_pinInit
 .text.GPIO_intInit
                0x0000314c       0x48 ./gpioapp/gpio_app.o
                0x0000314c                GPIO_intInit
 .text.exit     0x00003194       0x20 c:/ti/ccsv6/tools/compiler/gcc-arm-none-eabi-4_9-2015q3/bin/../lib/gcc/arm-none-eabi/4.9.3/../../../../arm-none-eabi/lib/armv7e-m/fpu\libg.a(lib_a-exit.o)
                0x00003194                exit
 .text.__libc_init_array
                0x000031b4       0x50 c:/ti/ccsv6/tools/compiler/gcc-arm-none-eabi-4_9-2015q3/bin/../lib/gcc/arm-none-eabi/4.9.3/../../../../arm-none-eabi/lib/armv7e-m/fpu\libg.a(lib_a-init.o)
                0x000031b4                __libc_init_array
 .text.memset   0x00003204       0x9c c:/ti/ccsv6/tools/compiler/gcc-arm-none-eabi-4_9-2015q3/bin/../lib/gcc/arm-none-eabi/4.9.3/../../../../arm-none-eabi/lib/armv7e-m/fpu\libg.a(lib_a-memset.o)
                0x00003204                memset
 .text.startup.register_fini
                0x000032a0       0x14 c:/ti/ccsv6/tools/compiler/gcc-arm-none-eabi-4_9-2015q3/bin/../lib/gcc/arm-none-eabi/4.9.3/../../../../arm-none-eabi/lib/armv7e-m/fpu\libg.a(lib_a-__call_atexit.o)
 .text.__call_exitprocs
                0x000032b4       0xd4 c:/ti/ccsv6/tools/compiler/gcc-arm-none-eabi-4_9-2015q3/bin/../lib/gcc/arm-none-eabi/4.9.3/../../../../arm-none-eabi/lib/armv7e-m/fpu\libg.a(lib_a-__call_atexit.o)
                0x000032b4                __call_exitprocs
 .text.atexit   0x00003388        0xc c:/ti/ccsv6/tools/compiler/gcc-arm-none-eabi-4_9-2015q3/bin/../lib/gcc/arm-none-eabi/4.9.3/../../../../arm-none-eabi/lib/armv7e-m/fpu\libg.a(lib_a-atexit.o)
                0x00003388                atexit
 .text.__libc_fini_array
                0x00003394       0x2c c:/ti/ccsv6/tools/compiler/gcc-arm-none-eabi-4_9-2015q3/bin/../lib/gcc/arm-none-eabi/4.9.3/../../../../arm-none-eabi/lib/armv7e-m/fpu\libg.a(lib_a-fini.o)
                0x00003394                __libc_fini_array
 .text.__register_exitproc
                0x000033c0       0xa4 c:/ti/ccsv6/tools/compiler/gcc-arm-none-eabi-4_9-2015q3/bin/../lib/gcc/arm-none-eabi/4.9.3/../../../../arm-none-eabi/lib/armv7e-m/fpu\libg.a(lib_a-__atexit.o)
                0x000033c0                __register_exitproc
 .text._exit    0x00003464        0x4 c:/ti/ccsv6/tools/compiler/gcc-arm-none-eabi-4_9-2015q3/bin/../lib/gcc/arm-none-eabi/4.9.3/../../../../arm-none-eabi/lib/armv7e-m/fpu\libnosys.a(_exit.o)
                0x00003464                _exit
                0x00003468                . = ALIGN (0x4)
 *(.ctors)
                0x00003468                . = ALIGN (0x4)
 *(.dtors)
                0x00003468                . = ALIGN (0x4)
                0x00003468                __init_array_start = .
 *(.init_array*)
 .init_array    0x00003468        0x4 c:/ti/ccsv6/tools/compiler/gcc-arm-none-eabi-4_9-2015q3/bin/../lib/gcc/arm-none-eabi/4.9.3/armv7e-m/fpu/crtbegin.o
 .init_array.00000
                0x0000346c        0x4 c:/ti/ccsv6/tools/compiler/gcc-arm-none-eabi-4_9-2015q3/bin/../lib/gcc/arm-none-eabi/4.9.3/../../../../arm-none-eabi/lib/armv7e-m/fpu\libg.a(lib_a-__call_atexit.o)
                0x00003470                __init_array_end = .
 *(.init)
 .init          0x00003470        0x4 c:/ti/ccsv6/tools/compiler/gcc-arm-none-eabi-4_9-2015q3/bin/../lib/gcc/arm-none-eabi/4.9.3/armv7e-m/fpu/crti.o
                0x00003470                _init
 .init          0x00003474        0x8 c:/ti/ccsv6/tools/compiler/gcc-arm-none-eabi-4_9-2015q3/bin/../lib/gcc/arm-none-eabi/4.9.3/armv7e-m/fpu/crtn.o
 *(.fini*)
 .fini          0x0000347c        0x4 c:/ti/ccsv6/tools/compiler/gcc-arm-none-eabi-4_9-2015q3/bin/../lib/gcc/arm-none-eabi/4.9.3/armv7e-m/fpu/crti.o
                0x0000347c                _fini
 .fini_array    0x00003480        0x4 c:/ti/ccsv6/tools/compiler/gcc-arm-none-eabi-4_9-2015q3/bin/../lib/gcc/arm-none-eabi/4.9.3/armv7e-m/fpu/crtbegin.o
 .fini          0x00003484        0x8 c:/ti/ccsv6/tools/compiler/gcc-arm-none-eabi-4_9-2015q3/bin/../lib/gcc/arm-none-eabi/4.9.3/armv7e-m/fpu/crtn.o
                0x0000348c                PROVIDE (__etext, .)
                0x0000348c                PROVIDE (_etext, .)
                0x0000348c                PROVIDE (etext, .)

.glue_7         0x0000348c        0x0
 .glue_7        0x00000000        0x0 linker stubs

.glue_7t        0x0000348c        0x0
 .glue_7t       0x00000000        0x0 linker stubs

.vfp11_veneer   0x0000348c        0x0
 .vfp11_veneer  0x00000000        0x0 linker stubs

.v4_bx          0x0000348c        0x0
 .v4_bx         0x00000000        0x0 linker stubs

.iplt           0x0000348c        0x0
 .iplt          0x00000000        0x0 c:/ti/ccsv6/tools/compiler/gcc-arm-none-eabi-4_9-2015q3/bin/../lib/gcc/arm-none-eabi/4.9.3/armv7e-m/fpu/crtbegin.o

.rodata         0x0000348c        0xc
 *(.rodata)
 .rodata        0x0000348c        0x2 ./main.o
 *(.rodata*)
 *fill*         0x0000348e        0x2 
 .rodata.str1.4
                0x00003490        0x4 c:/ti/ccsv6/tools/compiler/gcc-arm-none-eabi-4_9-2015q3/bin/../lib/gcc/arm-none-eabi/4.9.3/../../../../arm-none-eabi/lib/armv7e-m/fpu\libg.a(lib_a-impure.o)
                                  0x2 (size before relaxing)
 .rodata._global_impure_ptr
                0x00003494        0x4 c:/ti/ccsv6/tools/compiler/gcc-arm-none-eabi-4_9-2015q3/bin/../lib/gcc/arm-none-eabi/4.9.3/../../../../arm-none-eabi/lib/armv7e-m/fpu\libg.a(lib_a-impure.o)
                0x00003494                _global_impure_ptr

.eh_frame       0x00003498        0x4
 .eh_frame      0x00003498        0x0 c:/ti/ccsv6/tools/compiler/gcc-arm-none-eabi-4_9-2015q3/bin/../lib/gcc/arm-none-eabi/4.9.3/armv7e-m/fpu/crtbegin.o
 .eh_frame      0x00003498        0x4 c:/ti/ccsv6/tools/compiler/gcc-arm-none-eabi-4_9-2015q3/bin/../lib/gcc/arm-none-eabi/4.9.3/armv7e-m/fpu/crtend.o

.data           0x20000000      0x5dc load address 0x0000349c
                0x0000349c                __data_load__ = LOADADDR (.data)
                0x20000000                __data_start__ = .
 *(.data)
 .data          0x20000000        0x0 c:/ti/ccsv6/tools/compiler/gcc-arm-none-eabi-4_9-2015q3/bin/../lib/gcc/arm-none-eabi/4.9.3/armv7e-m/fpu/crti.o
 .data          0x20000000        0x4 c:/ti/ccsv6/tools/compiler/gcc-arm-none-eabi-4_9-2015q3/bin/../lib/gcc/arm-none-eabi/4.9.3/armv7e-m/fpu/crtbegin.o
                0x20000000                __dso_handle
 .data          0x20000004        0x0 c:/ti/ccsv6/tools/compiler/gcc-arm-none-eabi-4_9-2015q3/bin/../lib/gcc/arm-none-eabi/4.9.3/../../../../arm-none-eabi/lib/armv7e-m/fpu/crt0.o
 .data          0x20000004        0x0 ./main.o
 .data          0x20000004        0x0 ./tm4c123gh6pm_startup_ccs_gcc.o
 .data          0x20000004        0x0 ./HAL/gpio.o
 .data          0x20000004        0x0 ./HAL/system.o
 .data          0x20000004        0x0 ./HAL/timer.o
 .data          0x20000004        0x0 ./HAL/uart.o
 .data          0x20000004        0x0 ./SAL/LIN/cnfg_lin_protocol.o
 .data          0x20000004        0x0 ./SAL/LIN/lin_protocol.o
 .data          0x20000004        0x0 ./SAL/NVICInterruptHandler.o
 .data          0x20000004        0x0 ./gpioapp/gpio_app.o
 .data          0x20000004        0x0 c:/ti/ccsv6/tools/compiler/gcc-arm-none-eabi-4_9-2015q3/bin/../lib/gcc/arm-none-eabi/4.9.3/armv7e-m/fpu\libgcc.a(_arm_addsubdf3.o)
 .data          0x20000004        0x0 c:/ti/ccsv6/tools/compiler/gcc-arm-none-eabi-4_9-2015q3/bin/../lib/gcc/arm-none-eabi/4.9.3/armv7e-m/fpu\libgcc.a(_arm_muldivdf3.o)
 .data          0x20000004        0x0 c:/ti/ccsv6/tools/compiler/gcc-arm-none-eabi-4_9-2015q3/bin/../lib/gcc/arm-none-eabi/4.9.3/armv7e-m/fpu\libgcc.a(_arm_fixunsdfsi.o)
 .data          0x20000004        0x0 c:/ti/ccsv6/tools/compiler/gcc-arm-none-eabi-4_9-2015q3/bin/../lib/gcc/arm-none-eabi/4.9.3/../../../../arm-none-eabi/lib/armv7e-m/fpu\libg.a(lib_a-exit.o)
 .data          0x20000004        0x0 c:/ti/ccsv6/tools/compiler/gcc-arm-none-eabi-4_9-2015q3/bin/../lib/gcc/arm-none-eabi/4.9.3/../../../../arm-none-eabi/lib/armv7e-m/fpu\libg.a(lib_a-impure.o)
 .data          0x20000004        0x0 c:/ti/ccsv6/tools/compiler/gcc-arm-none-eabi-4_9-2015q3/bin/../lib/gcc/arm-none-eabi/4.9.3/../../../../arm-none-eabi/lib/armv7e-m/fpu\libg.a(lib_a-init.o)
 .data          0x20000004        0x0 c:/ti/ccsv6/tools/compiler/gcc-arm-none-eabi-4_9-2015q3/bin/../lib/gcc/arm-none-eabi/4.9.3/../../../../arm-none-eabi/lib/armv7e-m/fpu\libg.a(lib_a-memset.o)
 .data          0x20000004        0x0 c:/ti/ccsv6/tools/compiler/gcc-arm-none-eabi-4_9-2015q3/bin/../lib/gcc/arm-none-eabi/4.9.3/../../../../arm-none-eabi/lib/armv7e-m/fpu\libg.a(lib_a-__call_atexit.o)
 .data          0x20000004        0x0 c:/ti/ccsv6/tools/compiler/gcc-arm-none-eabi-4_9-2015q3/bin/../lib/gcc/arm-none-eabi/4.9.3/../../../../arm-none-eabi/lib/armv7e-m/fpu\libg.a(lib_a-atexit.o)
 .data          0x20000004        0x0 c:/ti/ccsv6/tools/compiler/gcc-arm-none-eabi-4_9-2015q3/bin/../lib/gcc/arm-none-eabi/4.9.3/../../../../arm-none-eabi/lib/armv7e-m/fpu\libg.a(lib_a-fini.o)
 .data          0x20000004        0x0 c:/ti/ccsv6/tools/compiler/gcc-arm-none-eabi-4_9-2015q3/bin/../lib/gcc/arm-none-eabi/4.9.3/../../../../arm-none-eabi/lib/armv7e-m/fpu\libg.a(lib_a-__atexit.o)
 .data          0x20000004        0x0 c:/ti/ccsv6/tools/compiler/gcc-arm-none-eabi-4_9-2015q3/bin/../lib/gcc/arm-none-eabi/4.9.3/../../../../arm-none-eabi/lib/armv7e-m/fpu\libnosys.a(_exit.o)
 .data          0x20000004        0x0 c:/ti/ccsv6/tools/compiler/gcc-arm-none-eabi-4_9-2015q3/bin/../lib/gcc/arm-none-eabi/4.9.3/armv7e-m/fpu/crtend.o
 .data          0x20000004        0x0 c:/ti/ccsv6/tools/compiler/gcc-arm-none-eabi-4_9-2015q3/bin/../lib/gcc/arm-none-eabi/4.9.3/armv7e-m/fpu/crtn.o
 *(.data*)
 .data.g_pfnVirualVectors
                0x20000004      0x1ac ./SAL/NVICInterruptHandler.o
                0x20000004                g_pfnVirualVectors
 .data.impure_data
                0x200001b0      0x428 c:/ti/ccsv6/tools/compiler/gcc-arm-none-eabi-4_9-2015q3/bin/../lib/gcc/arm-none-eabi/4.9.3/../../../../arm-none-eabi/lib/armv7e-m/fpu\libg.a(lib_a-impure.o)
 .data._impure_ptr
                0x200005d8        0x4 c:/ti/ccsv6/tools/compiler/gcc-arm-none-eabi-4_9-2015q3/bin/../lib/gcc/arm-none-eabi/4.9.3/../../../../arm-none-eabi/lib/armv7e-m/fpu\libg.a(lib_a-impure.o)
                0x200005d8                _impure_ptr
                0x200005dc                . = ALIGN (0x4)
                0x200005dc                __data_end__ = .

.jcr            0x200005dc        0x4 load address 0x00003a78
 .jcr           0x200005dc        0x0 c:/ti/ccsv6/tools/compiler/gcc-arm-none-eabi-4_9-2015q3/bin/../lib/gcc/arm-none-eabi/4.9.3/armv7e-m/fpu/crtbegin.o
 .jcr           0x200005dc        0x4 c:/ti/ccsv6/tools/compiler/gcc-arm-none-eabi-4_9-2015q3/bin/../lib/gcc/arm-none-eabi/4.9.3/armv7e-m/fpu/crtend.o

.igot.plt       0x200005e0        0x0 load address 0x00003a7c
 .igot.plt      0x00000000        0x0 c:/ti/ccsv6/tools/compiler/gcc-arm-none-eabi-4_9-2015q3/bin/../lib/gcc/arm-none-eabi/4.9.3/armv7e-m/fpu/crtbegin.o

.ARM.exidx      0x00003a7c        0x8
                0x00003a7c                __exidx_start = .
 *(.ARM.exidx* .gnu.linkonce.armexidx.*)
 .ARM.exidx     0x00003a7c        0x8 c:/ti/ccsv6/tools/compiler/gcc-arm-none-eabi-4_9-2015q3/bin/../lib/gcc/arm-none-eabi/4.9.3/../../../../arm-none-eabi/lib/armv7e-m/fpu/crt0.o
                0x00003a84                __exidx_end = .

.ARM.extab      0x00003a84        0x0
 *(.ARM.extab* .gnu.linkonce.armextab.*)
 .ARM.extab     0x00003a84        0x0 c:/ti/ccsv6/tools/compiler/gcc-arm-none-eabi-4_9-2015q3/bin/../lib/gcc/arm-none-eabi/4.9.3/../../../../arm-none-eabi/lib/armv7e-m/fpu/crt0.o

.rel.dyn        0x00003a84        0x0
 .rel.iplt      0x00000000        0x0 c:/ti/ccsv6/tools/compiler/gcc-arm-none-eabi-4_9-2015q3/bin/../lib/gcc/arm-none-eabi/4.9.3/armv7e-m/fpu/crtbegin.o

.bss            0x200005e0      0x21c
                0x200005e0                __bss_start__ = .
 *(.shbss)
 *(.bss)
 .bss           0x200005e0        0x0 c:/ti/ccsv6/tools/compiler/gcc-arm-none-eabi-4_9-2015q3/bin/../lib/gcc/arm-none-eabi/4.9.3/armv7e-m/fpu/crti.o
 .bss           0x200005e0       0x1c c:/ti/ccsv6/tools/compiler/gcc-arm-none-eabi-4_9-2015q3/bin/../lib/gcc/arm-none-eabi/4.9.3/armv7e-m/fpu/crtbegin.o
 .bss           0x200005fc        0x0 c:/ti/ccsv6/tools/compiler/gcc-arm-none-eabi-4_9-2015q3/bin/../lib/gcc/arm-none-eabi/4.9.3/../../../../arm-none-eabi/lib/armv7e-m/fpu/crt0.o
 .bss           0x200005fc        0x0 ./main.o
 .bss           0x200005fc        0x0 ./tm4c123gh6pm_startup_ccs_gcc.o
 .bss           0x200005fc        0x0 ./HAL/gpio.o
 .bss           0x200005fc        0x0 ./HAL/system.o
 .bss           0x200005fc        0x0 ./HAL/timer.o
 .bss           0x200005fc        0x0 ./HAL/uart.o
 .bss           0x200005fc        0x0 ./SAL/LIN/cnfg_lin_protocol.o
 .bss           0x200005fc        0x0 ./SAL/LIN/lin_protocol.o
 .bss           0x200005fc        0x0 ./SAL/NVICInterruptHandler.o
 .bss           0x200005fc        0x0 ./gpioapp/gpio_app.o
 .bss           0x200005fc        0x0 c:/ti/ccsv6/tools/compiler/gcc-arm-none-eabi-4_9-2015q3/bin/../lib/gcc/arm-none-eabi/4.9.3/armv7e-m/fpu\libgcc.a(_arm_addsubdf3.o)
 .bss           0x200005fc        0x0 c:/ti/ccsv6/tools/compiler/gcc-arm-none-eabi-4_9-2015q3/bin/../lib/gcc/arm-none-eabi/4.9.3/armv7e-m/fpu\libgcc.a(_arm_muldivdf3.o)
 .bss           0x200005fc        0x0 c:/ti/ccsv6/tools/compiler/gcc-arm-none-eabi-4_9-2015q3/bin/../lib/gcc/arm-none-eabi/4.9.3/armv7e-m/fpu\libgcc.a(_arm_fixunsdfsi.o)
 .bss           0x200005fc        0x0 c:/ti/ccsv6/tools/compiler/gcc-arm-none-eabi-4_9-2015q3/bin/../lib/gcc/arm-none-eabi/4.9.3/../../../../arm-none-eabi/lib/armv7e-m/fpu\libg.a(lib_a-exit.o)
 .bss           0x200005fc        0x0 c:/ti/ccsv6/tools/compiler/gcc-arm-none-eabi-4_9-2015q3/bin/../lib/gcc/arm-none-eabi/4.9.3/../../../../arm-none-eabi/lib/armv7e-m/fpu\libg.a(lib_a-impure.o)
 .bss           0x200005fc        0x0 c:/ti/ccsv6/tools/compiler/gcc-arm-none-eabi-4_9-2015q3/bin/../lib/gcc/arm-none-eabi/4.9.3/../../../../arm-none-eabi/lib/armv7e-m/fpu\libg.a(lib_a-init.o)
 .bss           0x200005fc        0x0 c:/ti/ccsv6/tools/compiler/gcc-arm-none-eabi-4_9-2015q3/bin/../lib/gcc/arm-none-eabi/4.9.3/../../../../arm-none-eabi/lib/armv7e-m/fpu\libg.a(lib_a-memset.o)
 .bss           0x200005fc        0x0 c:/ti/ccsv6/tools/compiler/gcc-arm-none-eabi-4_9-2015q3/bin/../lib/gcc/arm-none-eabi/4.9.3/../../../../arm-none-eabi/lib/armv7e-m/fpu\libg.a(lib_a-__call_atexit.o)
 .bss           0x200005fc        0x0 c:/ti/ccsv6/tools/compiler/gcc-arm-none-eabi-4_9-2015q3/bin/../lib/gcc/arm-none-eabi/4.9.3/../../../../arm-none-eabi/lib/armv7e-m/fpu\libg.a(lib_a-atexit.o)
 .bss           0x200005fc        0x0 c:/ti/ccsv6/tools/compiler/gcc-arm-none-eabi-4_9-2015q3/bin/../lib/gcc/arm-none-eabi/4.9.3/../../../../arm-none-eabi/lib/armv7e-m/fpu\libg.a(lib_a-fini.o)
 .bss           0x200005fc        0x0 c:/ti/ccsv6/tools/compiler/gcc-arm-none-eabi-4_9-2015q3/bin/../lib/gcc/arm-none-eabi/4.9.3/../../../../arm-none-eabi/lib/armv7e-m/fpu\libg.a(lib_a-__atexit.o)
 .bss           0x200005fc        0x0 c:/ti/ccsv6/tools/compiler/gcc-arm-none-eabi-4_9-2015q3/bin/../lib/gcc/arm-none-eabi/4.9.3/../../../../arm-none-eabi/lib/armv7e-m/fpu\libnosys.a(_exit.o)
 .bss           0x200005fc        0x0 c:/ti/ccsv6/tools/compiler/gcc-arm-none-eabi-4_9-2015q3/bin/../lib/gcc/arm-none-eabi/4.9.3/armv7e-m/fpu/crtend.o
 .bss           0x200005fc        0x0 c:/ti/ccsv6/tools/compiler/gcc-arm-none-eabi-4_9-2015q3/bin/../lib/gcc/arm-none-eabi/4.9.3/armv7e-m/fpu/crtn.o
 *(.bss.*)
 .bss.pui32Stack
                0x200005fc      0x200 ./tm4c123gh6pm_startup_ccs_gcc.o
 *(COMMON)
                0x200007fc                . = ALIGN (0x4)
                0x200007fc                __bss_end__ = .

.heap           0x200007fc        0x0
                0x200007fc                __heap_start__ = .
                0x200007fc                end = __heap_start__
                0x200007fc                _end = end
                0x200007fc                __end = end
 *(.heap)
                0x200007fc                __heap_end__ = .
                0x200007fc                __HeapLimit = __heap_end__

.stack          0x20000800        0x0
                0x20000800                _stack = .
                0x20000800                __stack = .
 *(.stack)
START GROUP
LOAD c:/ti/ccsv6/tools/compiler/gcc-arm-none-eabi-4_9-2015q3/bin/../lib/gcc/arm-none-eabi/4.9.3/armv7e-m/fpu\libgcc.a
LOAD c:/ti/ccsv6/tools/compiler/gcc-arm-none-eabi-4_9-2015q3/bin/../lib/gcc/arm-none-eabi/4.9.3/../../../../arm-none-eabi/lib/armv7e-m/fpu\libg.a
LOAD c:/ti/ccsv6/tools/compiler/gcc-arm-none-eabi-4_9-2015q3/bin/../lib/gcc/arm-none-eabi/4.9.3/../../../../arm-none-eabi/lib/armv7e-m/fpu\libc.a
END GROUP
START GROUP
LOAD c:/ti/ccsv6/tools/compiler/gcc-arm-none-eabi-4_9-2015q3/bin/../lib/gcc/arm-none-eabi/4.9.3/armv7e-m/fpu\libgcc.a
LOAD c:/ti/ccsv6/tools/compiler/gcc-arm-none-eabi-4_9-2015q3/bin/../lib/gcc/arm-none-eabi/4.9.3/../../../../arm-none-eabi/lib/armv7e-m/fpu\libc.a
LOAD c:/ti/ccsv6/tools/compiler/gcc-arm-none-eabi-4_9-2015q3/bin/../lib/gcc/arm-none-eabi/4.9.3/../../../../arm-none-eabi/lib/armv7e-m/fpu\libnosys.a
END GROUP
LOAD c:/ti/ccsv6/tools/compiler/gcc-arm-none-eabi-4_9-2015q3/bin/../lib/gcc/arm-none-eabi/4.9.3/armv7e-m/fpu/crtend.o
LOAD c:/ti/ccsv6/tools/compiler/gcc-arm-none-eabi-4_9-2015q3/bin/../lib/gcc/arm-none-eabi/4.9.3/armv7e-m/fpu/crtn.o
OUTPUT(tiva c driver.out elf32-littlearm)

.ARM.attributes
                0x00000000       0x30
 .ARM.attributes
                0x00000000       0x22 c:/ti/ccsv6/tools/compiler/gcc-arm-none-eabi-4_9-2015q3/bin/../lib/gcc/arm-none-eabi/4.9.3/armv7e-m/fpu/crti.o
 .ARM.attributes
                0x00000022       0x34 c:/ti/ccsv6/tools/compiler/gcc-arm-none-eabi-4_9-2015q3/bin/../lib/gcc/arm-none-eabi/4.9.3/armv7e-m/fpu/crtbegin.o
 .ARM.attributes
                0x00000056       0x20 c:/ti/ccsv6/tools/compiler/gcc-arm-none-eabi-4_9-2015q3/bin/../lib/gcc/arm-none-eabi/4.9.3/../../../../arm-none-eabi/lib/armv7e-m/fpu/crt0.o
 .ARM.attributes
                0x00000076       0x39 ./main.o
 .ARM.attributes
                0x000000af       0x39 ./tm4c123gh6pm_startup_ccs_gcc.o
 .ARM.attributes
                0x000000e8       0x39 ./HAL/gpio.o
 .ARM.attributes
                0x00000121       0x39 ./HAL/system.o
 .ARM.attributes
                0x0000015a       0x39 ./HAL/timer.o
 .ARM.attributes
                0x00000193       0x39 ./HAL/uart.o
 .ARM.attributes
                0x000001cc       0x39 ./SAL/LIN/cnfg_lin_protocol.o
 .ARM.attributes
                0x00000205       0x39 ./SAL/LIN/lin_protocol.o
 .ARM.attributes
                0x0000023e       0x39 ./SAL/NVICInterruptHandler.o
 .ARM.attributes
                0x00000277       0x39 ./gpioapp/gpio_app.o
 .ARM.attributes
                0x000002b0       0x22 c:/ti/ccsv6/tools/compiler/gcc-arm-none-eabi-4_9-2015q3/bin/../lib/gcc/arm-none-eabi/4.9.3/armv7e-m/fpu\libgcc.a(_arm_addsubdf3.o)
 .ARM.attributes
                0x000002d2       0x22 c:/ti/ccsv6/tools/compiler/gcc-arm-none-eabi-4_9-2015q3/bin/../lib/gcc/arm-none-eabi/4.9.3/armv7e-m/fpu\libgcc.a(_arm_muldivdf3.o)
 .ARM.attributes
                0x000002f4       0x22 c:/ti/ccsv6/tools/compiler/gcc-arm-none-eabi-4_9-2015q3/bin/../lib/gcc/arm-none-eabi/4.9.3/armv7e-m/fpu\libgcc.a(_arm_fixunsdfsi.o)
 .ARM.attributes
                0x00000316       0x34 c:/ti/ccsv6/tools/compiler/gcc-arm-none-eabi-4_9-2015q3/bin/../lib/gcc/arm-none-eabi/4.9.3/../../../../arm-none-eabi/lib/armv7e-m/fpu\libg.a(lib_a-exit.o)
 .ARM.attributes
                0x0000034a       0x34 c:/ti/ccsv6/tools/compiler/gcc-arm-none-eabi-4_9-2015q3/bin/../lib/gcc/arm-none-eabi/4.9.3/../../../../arm-none-eabi/lib/armv7e-m/fpu\libg.a(lib_a-impure.o)
 .ARM.attributes
                0x0000037e       0x34 c:/ti/ccsv6/tools/compiler/gcc-arm-none-eabi-4_9-2015q3/bin/../lib/gcc/arm-none-eabi/4.9.3/../../../../arm-none-eabi/lib/armv7e-m/fpu\libg.a(lib_a-init.o)
 .ARM.attributes
                0x000003b2       0x34 c:/ti/ccsv6/tools/compiler/gcc-arm-none-eabi-4_9-2015q3/bin/../lib/gcc/arm-none-eabi/4.9.3/../../../../arm-none-eabi/lib/armv7e-m/fpu\libg.a(lib_a-memset.o)
 .ARM.attributes
                0x000003e6       0x34 c:/ti/ccsv6/tools/compiler/gcc-arm-none-eabi-4_9-2015q3/bin/../lib/gcc/arm-none-eabi/4.9.3/../../../../arm-none-eabi/lib/armv7e-m/fpu\libg.a(lib_a-__call_atexit.o)
 .ARM.attributes
                0x0000041a       0x34 c:/ti/ccsv6/tools/compiler/gcc-arm-none-eabi-4_9-2015q3/bin/../lib/gcc/arm-none-eabi/4.9.3/../../../../arm-none-eabi/lib/armv7e-m/fpu\libg.a(lib_a-atexit.o)
 .ARM.attributes
                0x0000044e       0x34 c:/ti/ccsv6/tools/compiler/gcc-arm-none-eabi-4_9-2015q3/bin/../lib/gcc/arm-none-eabi/4.9.3/../../../../arm-none-eabi/lib/armv7e-m/fpu\libg.a(lib_a-fini.o)
 .ARM.attributes
                0x00000482       0x34 c:/ti/ccsv6/tools/compiler/gcc-arm-none-eabi-4_9-2015q3/bin/../lib/gcc/arm-none-eabi/4.9.3/../../../../arm-none-eabi/lib/armv7e-m/fpu\libg.a(lib_a-__atexit.o)
 .ARM.attributes
                0x000004b6       0x34 c:/ti/ccsv6/tools/compiler/gcc-arm-none-eabi-4_9-2015q3/bin/../lib/gcc/arm-none-eabi/4.9.3/../../../../arm-none-eabi/lib/armv7e-m/fpu\libnosys.a(_exit.o)
 .ARM.attributes
                0x000004ea       0x34 c:/ti/ccsv6/tools/compiler/gcc-arm-none-eabi-4_9-2015q3/bin/../lib/gcc/arm-none-eabi/4.9.3/armv7e-m/fpu/crtend.o
 .ARM.attributes
                0x0000051e       0x22 c:/ti/ccsv6/tools/compiler/gcc-arm-none-eabi-4_9-2015q3/bin/../lib/gcc/arm-none-eabi/4.9.3/armv7e-m/fpu/crtn.o

.comment        0x00000000       0x70
 .comment       0x00000000       0x70 ./main.o
                                 0x71 (size before relaxing)
 .comment       0x00000000       0x71 ./tm4c123gh6pm_startup_ccs_gcc.o
 .comment       0x00000000       0x71 ./HAL/gpio.o
 .comment       0x00000000       0x71 ./HAL/system.o
 .comment       0x00000000       0x71 ./HAL/timer.o
 .comment       0x00000000       0x71 ./HAL/uart.o
 .comment       0x00000000       0x71 ./SAL/LIN/cnfg_lin_protocol.o
 .comment       0x00000000       0x71 ./SAL/LIN/lin_protocol.o
 .comment       0x00000000       0x71 ./SAL/NVICInterruptHandler.o
 .comment       0x00000000       0x71 ./gpioapp/gpio_app.o

.debug_info     0x00000000     0x3034
 .debug_info    0x00000000      0x51e ./main.o
 .debug_info    0x0000051e      0x175 ./tm4c123gh6pm_startup_ccs_gcc.o
 .debug_info    0x00000693      0xef7 ./HAL/gpio.o
 .debug_info    0x0000158a      0xa1e ./HAL/system.o
 .debug_info    0x00001fa8      0x909 ./HAL/uart.o
 .debug_info    0x000028b1      0x344 ./SAL/NVICInterruptHandler.o
 .debug_info    0x00002bf5      0x43f ./gpioapp/gpio_app.o

.debug_abbrev   0x00000000      0x6e9
 .debug_abbrev  0x00000000       0xad ./main.o
 .debug_abbrev  0x000000ad       0xca ./tm4c123gh6pm_startup_ccs_gcc.o
 .debug_abbrev  0x00000177      0x15f ./HAL/gpio.o
 .debug_abbrev  0x000002d6      0x162 ./HAL/system.o
 .debug_abbrev  0x00000438      0x134 ./HAL/uart.o
 .debug_abbrev  0x0000056c       0xb0 ./SAL/NVICInterruptHandler.o
 .debug_abbrev  0x0000061c       0xcd ./gpioapp/gpio_app.o

.debug_aranges  0x00000000      0x3e0
 .debug_aranges
                0x00000000       0x20 ./main.o
 .debug_aranges
                0x00000020       0x38 ./tm4c123gh6pm_startup_ccs_gcc.o
 .debug_aranges
                0x00000058      0x150 ./HAL/gpio.o
 .debug_aranges
                0x000001a8       0x70 ./HAL/system.o
 .debug_aranges
                0x00000218      0x140 ./HAL/uart.o
 .debug_aranges
                0x00000358       0x60 ./SAL/NVICInterruptHandler.o
 .debug_aranges
                0x000003b8       0x28 ./gpioapp/gpio_app.o

.debug_ranges   0x00000000      0x370
 .debug_ranges  0x00000000       0x10 ./main.o
 .debug_ranges  0x00000010       0x28 ./tm4c123gh6pm_startup_ccs_gcc.o
 .debug_ranges  0x00000038      0x140 ./HAL/gpio.o
 .debug_ranges  0x00000178       0x60 ./HAL/system.o
 .debug_ranges  0x000001d8      0x130 ./HAL/uart.o
 .debug_ranges  0x00000308       0x50 ./SAL/NVICInterruptHandler.o
 .debug_ranges  0x00000358       0x18 ./gpioapp/gpio_app.o

.debug_line     0x00000000      0xec1
 .debug_line    0x00000000       0xbf ./main.o
 .debug_line    0x000000bf      0x158 ./tm4c123gh6pm_startup_ccs_gcc.o
 .debug_line    0x00000217      0x3eb ./HAL/gpio.o
 .debug_line    0x00000602      0x348 ./HAL/system.o
 .debug_line    0x0000094a        0x0 ./HAL/timer.o
 .debug_line    0x0000094a      0x39e ./HAL/uart.o
 .debug_line    0x00000ce8        0x0 ./SAL/LIN/cnfg_lin_protocol.o
 .debug_line    0x00000ce8        0x0 ./SAL/LIN/lin_protocol.o
 .debug_line    0x00000ce8       0xf9 ./SAL/NVICInterruptHandler.o
 .debug_line    0x00000de1       0xe0 ./gpioapp/gpio_app.o

.debug_str      0x00000000     0x145f
 .debug_str     0x00000000      0x5d1 ./main.o
                                0x631 (size before relaxing)
 .debug_str     0x000005d1       0xe4 ./tm4c123gh6pm_startup_ccs_gcc.o
                                0x24e (size before relaxing)
 .debug_str     0x000006b5      0x3ba ./HAL/gpio.o
                                0x865 (size before relaxing)
 .debug_str     0x00000a6f      0x4ef ./HAL/system.o
                                0x766 (size before relaxing)
 .debug_str     0x00000f5e        0xf ./HAL/timer.o
                                0x11b (size before relaxing)
 .debug_str     0x00000f6d      0x3b1 ./HAL/uart.o
                                0x544 (size before relaxing)
 .debug_str     0x0000131e       0x1f ./SAL/LIN/cnfg_lin_protocol.o
                                0x12b (size before relaxing)
 .debug_str     0x0000133d       0x1a ./SAL/LIN/lin_protocol.o
                                0x126 (size before relaxing)
 .debug_str     0x00001357       0xd2 ./SAL/NVICInterruptHandler.o
                                0x5a5 (size before relaxing)
 .debug_str     0x00001429       0x36 ./gpioapp/gpio_app.o
                                0x540 (size before relaxing)

.debug_frame    0x00000000     0x1040
 .debug_frame   0x00000000       0x30 ./main.o
 .debug_frame   0x00000030       0x7c ./tm4c123gh6pm_startup_ccs_gcc.o
 .debug_frame   0x000000ac      0x598 ./HAL/gpio.o
 .debug_frame   0x00000644      0x1ac ./HAL/system.o
 .debug_frame   0x000007f0      0x550 ./HAL/uart.o
 .debug_frame   0x00000d40      0x128 ./SAL/NVICInterruptHandler.o
 .debug_frame   0x00000e68       0x58 ./gpioapp/gpio_app.o
 .debug_frame   0x00000ec0       0x28 c:/ti/ccsv6/tools/compiler/gcc-arm-none-eabi-4_9-2015q3/bin/../lib/gcc/arm-none-eabi/4.9.3/../../../../arm-none-eabi/lib/armv7e-m/fpu\libg.a(lib_a-exit.o)
 .debug_frame   0x00000ee8       0x2c c:/ti/ccsv6/tools/compiler/gcc-arm-none-eabi-4_9-2015q3/bin/../lib/gcc/arm-none-eabi/4.9.3/../../../../arm-none-eabi/lib/armv7e-m/fpu\libg.a(lib_a-init.o)
 .debug_frame   0x00000f14       0x34 c:/ti/ccsv6/tools/compiler/gcc-arm-none-eabi-4_9-2015q3/bin/../lib/gcc/arm-none-eabi/4.9.3/../../../../arm-none-eabi/lib/armv7e-m/fpu\libg.a(lib_a-memset.o)
 .debug_frame   0x00000f48       0x50 c:/ti/ccsv6/tools/compiler/gcc-arm-none-eabi-4_9-2015q3/bin/../lib/gcc/arm-none-eabi/4.9.3/../../../../arm-none-eabi/lib/armv7e-m/fpu\libg.a(lib_a-__call_atexit.o)
 .debug_frame   0x00000f98       0x20 c:/ti/ccsv6/tools/compiler/gcc-arm-none-eabi-4_9-2015q3/bin/../lib/gcc/arm-none-eabi/4.9.3/../../../../arm-none-eabi/lib/armv7e-m/fpu\libg.a(lib_a-atexit.o)
 .debug_frame   0x00000fb8       0x34 c:/ti/ccsv6/tools/compiler/gcc-arm-none-eabi-4_9-2015q3/bin/../lib/gcc/arm-none-eabi/4.9.3/../../../../arm-none-eabi/lib/armv7e-m/fpu\libg.a(lib_a-fini.o)
 .debug_frame   0x00000fec       0x34 c:/ti/ccsv6/tools/compiler/gcc-arm-none-eabi-4_9-2015q3/bin/../lib/gcc/arm-none-eabi/4.9.3/../../../../arm-none-eabi/lib/armv7e-m/fpu\libg.a(lib_a-__atexit.o)
 .debug_frame   0x00001020       0x20 c:/ti/ccsv6/tools/compiler/gcc-arm-none-eabi-4_9-2015q3/bin/../lib/gcc/arm-none-eabi/4.9.3/../../../../arm-none-eabi/lib/armv7e-m/fpu\libnosys.a(_exit.o)
